I'm sorry, but errors were detected in your script. Please correct the
errors listed below, and try again.


File "game/PhoneTexting.rpy", line 148: keyword argument 'xpos' is incompatible with 'pos'.
    xpos 0 
        ^

Ren'Py Version: Ren'Py 8.2.3.24061702
Tue Jan 27 00:49:41 2026
